2025-11-07 05:12:09,175 - INFO - Starting automated training run.
2025-11-07 05:12:09,179 - INFO - Space: https://992520aba0989bb006.gradio.live/
2025-11-07 05:12:10,438 - ERROR - Pipeline failed: Client.__init__() got an unexpected keyword argument 'serialize'
Traceback (most recent call last):
  File "/Users/asithalakmal/Documents/web/JarvisX v2/scripts/run_auto_training.py", line 167, in main
    pipeline = AutoTrainingPipeline(
        config=pipeline_config,
        domain_config_path=Path(args.domain_config),
        output_dir=Path(args.output_dir),
    )
  File "/Users/asithalakmal/Documents/web/JarvisX v2/training/auto_training_pipeline.py", line 672, in __init__
    self._client = HFSpaceClient(
                   ~~~~~~~~~~~~~^
        self._config.space_url,
        ^^^^^^^^^^^^^^^^^^^^^^^
        hf_token=self._config.hf_token,
        ^^^^^^^^^^^^^^^^^^^^^^^^^^^^^^^
        retry_backoff_seconds=retry_backoff,
        ^^^^^^^^^^^^^^^^^^^^^^^^^^^^^^^^^^^^
    )
    ^
  File "/Users/asithalakmal/Documents/web/JarvisX v2/training/auto_training_pipeline.py", line 215, in __init__
    self._client = Client(space_url, hf_token=hf_token, serialize=True)
                   ~~~~~~^^^^^^^^^^^^^^^^^^^^^^^^^^^^^^^^^^^^^^^^^^^^^^
TypeError: Client.__init__() got an unexpected keyword argument 'serialize'
