2025-11-07 05:38:32,420 - INFO - Starting automated training run.
2025-11-07 05:38:32,421 - INFO - Space: https://992520aba0989bb006.gradio.live/
2025-11-07 05:38:35,151 - INFO - HTTP Request: GET https://992520aba0989bb006.gradio.live/config "HTTP/1.1 404 Not Found"
2025-11-07 05:38:36,590 - INFO - HTTP Request: GET https://992520aba0989bb006.gradio.live/ "HTTP/1.1 404 Not Found"
2025-11-07 05:38:36,591 - ERROR - Pipeline failed: Could not fetch config for https://992520aba0989bb006.gradio.live/
Traceback (most recent call last):
  File "/Users/asithalakmal/Documents/web/JarvisX v2/scripts/run_auto_training.py", line 167, in main
    pipeline = AutoTrainingPipeline(
        config=pipeline_config,
        domain_config_path=Path(args.domain_config),
        output_dir=Path(args.output_dir),
    )
  File "/Users/asithalakmal/Documents/web/JarvisX v2/training/auto_training_pipeline.py", line 684, in __init__
    self._client = HFSpaceClient(
                   ~~~~~~~~~~~~~^
        self._config.space_url,
        ^^^^^^^^^^^^^^^^^^^^^^^
        hf_token=self._config.hf_token,
        ^^^^^^^^^^^^^^^^^^^^^^^^^^^^^^^
        retry_backoff_seconds=retry_backoff,
        ^^^^^^^^^^^^^^^^^^^^^^^^^^^^^^^^^^^^
    )
    ^
  File "/Users/asithalakmal/Documents/web/JarvisX v2/training/auto_training_pipeline.py", line 212, in __init__
    self._client = self._make_client()
                   ~~~~~~~~~~~~~~~~~^^
  File "/Users/asithalakmal/Documents/web/JarvisX v2/training/auto_training_pipeline.py", line 223, in _make_client
    return Client(self._space_url, hf_token=self._hf_token)
  File "/usr/local/lib/python3.13/site-packages/gradio_client/client.py", line 162, in __init__
    self.config = self._get_config()
                  ~~~~~~~~~~~~~~~~^^
  File "/usr/local/lib/python3.13/site-packages/gradio_client/client.py", line 964, in _get_config
    raise ValueError(f"Could not fetch config for {self.src}")
ValueError: Could not fetch config for https://992520aba0989bb006.gradio.live/
