2025-10-24 12:08:00 - __main__ - INFO - Initializing Jarvis X v2 Main Application
2025-10-24 12:08:01 - interface.avatar_adapter - INFO - System capabilities: {'has_display': True, 'has_audio': True, 'has_gpu': False, 'supports_transparency': True, 'supports_audio_input': True}
2025-10-24 12:08:02 - __main__ - INFO - Futuristic avatar initialized
2025-10-24 12:08:02 - __main__ - INFO - Jarvis X v2 Application initialized successfully
2025-10-24 12:08:50 - __main__ - WARNING - Avatar window became invisible, restoring
2025-10-24 12:08:53 - __main__ - WARNING - Avatar window became invisible, restoring
2025-10-24 12:08:54 - __main__ - WARNING - Avatar window became invisible, restoring
2025-10-24 12:10:00 - __main__ - INFO - Initializing Jarvis X v2 Main Application
2025-10-24 12:10:00 - interface.avatar_adapter - INFO - System capabilities: {'has_display': True, 'has_audio': True, 'has_gpu': False, 'supports_transparency': True, 'supports_audio_input': True}
2025-10-24 12:10:01 - __main__ - INFO - Futuristic avatar initialized
2025-10-24 12:10:01 - __main__ - INFO - Jarvis X v2 Application initialized successfully
2025-10-24 12:13:14 - __main__ - INFO - Initializing Jarvis X v2 Main Application
2025-10-24 12:13:14 - interface.avatar_adapter - INFO - System capabilities: {'has_display': True, 'has_audio': True, 'has_gpu': False, 'supports_transparency': True, 'supports_audio_input': True}
2025-10-24 12:13:15 - __main__ - INFO - Futuristic avatar initialized
2025-10-24 12:13:15 - __main__ - INFO - Jarvis X v2 Application initialized successfully
2025-10-24 12:14:47 - __main__ - INFO - Initializing Jarvis X v2 Main Application
2025-10-24 12:14:47 - interface.avatar_adapter - INFO - System capabilities: {'has_display': True, 'has_audio': True, 'has_gpu': False, 'supports_transparency': True, 'supports_audio_input': True}
2025-10-24 12:14:48 - __main__ - INFO - Futuristic avatar initialized
2025-10-24 12:14:48 - __main__ - INFO - Jarvis X v2 Application initialized successfully
2025-10-24 12:18:10 - interface.avatar_adapter - INFO - System capabilities: {'has_display': True, 'has_audio': True, 'has_gpu': False, 'supports_transparency': True, 'supports_audio_input': True}
2025-10-24 12:32:37 - interface.avatar_adapter - INFO - System capabilities: {'has_display': True, 'has_audio': True, 'has_gpu': False, 'supports_transparency': True, 'supports_audio_input': True}
2025-10-24 12:38:57 - interface.avatar_adapter - INFO - System capabilities: {'has_display': True, 'has_audio': True, 'has_gpu': False, 'supports_transparency': True, 'supports_audio_input': True}
2025-10-24 12:42:46 - interface.avatar_adapter - INFO - System capabilities: {'has_display': True, 'has_audio': True, 'has_gpu': False, 'supports_transparency': True, 'supports_audio_input': True}
2025-10-24 12:42:46 - interface.avatar_adapter - INFO - System validation passed
2025-10-24 12:46:20 - interface.avatar_adapter - INFO - System capabilities: {'has_display': True, 'has_audio': True, 'has_gpu': False, 'supports_transparency': True, 'supports_audio_input': True}
2025-10-24 13:15:09 - interface.avatar_adapter - INFO - System capabilities: {'has_display': True, 'has_audio': True, 'has_gpu': False, 'supports_transparency': True, 'supports_audio_input': True}
2025-10-24 13:15:09 - interface.avatar_adapter - INFO - System validation passed
2025-10-24 17:20:38 - interface.avatar_adapter - INFO - System capabilities: {'has_display': True, 'has_audio': True, 'has_gpu': False, 'supports_transparency': True, 'supports_audio_input': True}
2025-10-24 20:41:17 - __main__ - INFO - Initializing Jarvis X v2 Main Application
2025-10-24 20:41:19 - interface.avatar_adapter - INFO - System capabilities: {'has_display': True, 'has_audio': True, 'has_gpu': False, 'supports_transparency': True, 'supports_audio_input': True}
2025-10-24 20:41:20 - __main__ - INFO - Futuristic avatar initialized
2025-10-24 20:41:20 - __main__ - INFO - Jarvis X v2 Application initialized successfully
2025-10-24 20:42:35 - __main__ - WARNING - Avatar window became invisible, restoring
2025-10-24 20:42:39 - __main__ - WARNING - Avatar window became invisible, restoring
2025-10-24 20:42:44 - __main__ - WARNING - Avatar window became invisible, restoring
2025-10-25 12:15:00 - interface.avatar_adapter - INFO - System capabilities: {'has_display': True, 'has_audio': True, 'has_gpu': False, 'supports_transparency': True, 'supports_audio_input': True}
2025-10-25 12:15:00 - interface.avatar_adapter - INFO - System capabilities: {'has_display': True, 'has_audio': True, 'has_gpu': False, 'supports_transparency': True, 'supports_audio_input': True}
2025-10-25 12:15:00 - interface.avatar_adapter - INFO - System capabilities: {'has_display': True, 'has_audio': True, 'has_gpu': False, 'supports_transparency': True, 'supports_audio_input': True}
2025-10-25 12:15:00 - interface.avatar_adapter - INFO - System capabilities: {'has_display': True, 'has_audio': True, 'has_gpu': False, 'supports_transparency': True, 'supports_audio_input': True}
2025-10-25 12:15:00 - interface.avatar_adapter - INFO - System meets requirements for futuristic avatar
2025-10-25 12:15:00 - interface.avatar_adapter - INFO - System capabilities: {'has_display': True, 'has_audio': True, 'has_gpu': False, 'supports_transparency': True, 'supports_audio_input': True}
2025-10-25 12:15:00 - interface.avatar_adapter - INFO - System capabilities: {'has_display': True, 'has_audio': True, 'has_gpu': False, 'supports_transparency': True, 'supports_audio_input': True}
2025-10-25 12:15:00 - interface.avatar_adapter - INFO - System capabilities: {'has_display': True, 'has_audio': True, 'has_gpu': False, 'supports_transparency': True, 'supports_audio_input': True}
2025-10-25 12:15:00 - interface.avatar_adapter - INFO - System validation passed
2025-10-25 12:15:00 - interface.avatar_adapter - INFO - Feature flag 'test_flag' set to True
2025-10-25 12:15:00 - interface.avatar_adapter - INFO - Feature flag 'test_flag' set to False
2025-10-25 12:15:00 - interface.avatar_adapter - WARNING - Using fallback interface - avatar features unavailable
2025-10-25 12:15:00 - interface.avatar_adapter - ERROR - Avatar initialization failed: Test error
2025-10-25 12:15:00 - interface.avatar_adapter - INFO - Falling back to text interface
2025-10-25 12:15:00 - interface.migration_system - INFO - Fresh installation detected
2025-10-25 12:15:00 - interface.migration_system - INFO - Default settings created
2025-10-25 12:15:01 - interface.migration_system - INFO - Starting setup wizard
2025-10-25 12:15:01 - interface.migration_system - INFO - Step 1: Welcome
2025-10-25 12:15:01 - interface.migration_system - INFO - Step 2: System check
2025-10-25 12:15:01 - interface.avatar_adapter - INFO - System capabilities: {'has_display': True, 'has_audio': True, 'has_gpu': False, 'supports_transparency': True, 'supports_audio_input': True}
2025-10-25 12:15:01 - interface.migration_system - INFO - Step 3: Avatar preferences
2025-10-25 12:15:01 - interface.migration_system - INFO - Step 4: Voice preferences
2025-10-25 12:15:01 - interface.migration_system - INFO - Step 5: AI setup
2025-10-25 12:15:01 - interface.migration_system - INFO - Setup wizard completed
2025-10-25 12:15:01 - interface.migration_system - INFO - Achievement unlocked: test_achievement
2025-10-25 12:15:01 - interface.avatar_adapter - INFO - System capabilities: {'has_display': True, 'has_audio': True, 'has_gpu': False, 'supports_transparency': True, 'supports_audio_input': True}
2025-10-25 12:15:01 - interface.avatar_adapter - INFO - System capabilities: {'has_display': True, 'has_audio': True, 'has_gpu': False, 'supports_transparency': True, 'supports_audio_input': True}
2025-10-25 12:15:01 - interface.avatar_adapter - INFO - System validation passed
2025-10-25 12:15:01 - interface.avatar_adapter - INFO - System capabilities: {'has_display': True, 'has_audio': True, 'has_gpu': False, 'supports_transparency': True, 'supports_audio_input': True}
2025-10-25 12:15:01 - interface.avatar_adapter - INFO - System capabilities: {'has_display': True, 'has_audio': True, 'has_gpu': False, 'supports_transparency': True, 'supports_audio_input': True}
2025-10-25 12:15:01 - interface.migration_system - INFO - Fresh installation detected
2025-10-25 12:15:01 - interface.migration_system - INFO - Default settings created
2025-10-25 12:16:23 - interface.avatar_adapter - INFO - System capabilities: {'has_display': True, 'has_audio': True, 'has_gpu': False, 'supports_transparency': True, 'supports_audio_input': True}
2025-10-25 12:16:23 - interface.avatar_adapter - INFO - System capabilities: {'has_display': True, 'has_audio': True, 'has_gpu': False, 'supports_transparency': True, 'supports_audio_input': True}
2025-10-25 12:16:23 - interface.avatar_adapter - INFO - System capabilities: {'has_display': True, 'has_audio': True, 'has_gpu': False, 'supports_transparency': True, 'supports_audio_input': True}
2025-10-25 12:16:23 - interface.avatar_adapter - INFO - System capabilities: {'has_display': True, 'has_audio': True, 'has_gpu': False, 'supports_transparency': True, 'supports_audio_input': True}
2025-10-25 12:16:23 - interface.avatar_adapter - INFO - System meets requirements for futuristic avatar
2025-10-25 12:16:23 - interface.avatar_adapter - INFO - System capabilities: {'has_display': True, 'has_audio': True, 'has_gpu': False, 'supports_transparency': True, 'supports_audio_input': True}
2025-10-25 12:16:23 - interface.avatar_adapter - INFO - System capabilities: {'has_display': True, 'has_audio': True, 'has_gpu': False, 'supports_transparency': True, 'supports_audio_input': True}
2025-10-25 12:16:23 - interface.avatar_adapter - INFO - System capabilities: {'has_display': True, 'has_audio': True, 'has_gpu': False, 'supports_transparency': True, 'supports_audio_input': True}
2025-10-25 12:16:23 - interface.avatar_adapter - INFO - System validation passed
2025-10-25 12:16:23 - interface.avatar_adapter - INFO - Feature flag 'test_flag' set to True
2025-10-25 12:16:23 - interface.avatar_adapter - INFO - Feature flag 'test_flag' set to False
2025-10-25 12:16:23 - interface.avatar_adapter - WARNING - Using fallback interface - avatar features unavailable
2025-10-25 12:16:23 - interface.avatar_adapter - ERROR - Avatar initialization failed: Test error
2025-10-25 12:16:23 - interface.avatar_adapter - INFO - Falling back to text interface
2025-10-25 12:16:23 - interface.migration_system - INFO - Fresh installation detected
2025-10-25 12:16:23 - interface.migration_system - INFO - Default settings created
2025-10-25 12:16:23 - interface.migration_system - INFO - Starting setup wizard
2025-10-25 12:16:23 - interface.migration_system - INFO - Step 1: Welcome
2025-10-25 12:16:23 - interface.migration_system - INFO - Step 2: System check
2025-10-25 12:16:23 - interface.avatar_adapter - INFO - System capabilities: {'has_display': True, 'has_audio': True, 'has_gpu': False, 'supports_transparency': True, 'supports_audio_input': True}
2025-10-25 12:16:23 - interface.migration_system - INFO - Step 3: Avatar preferences
2025-10-25 12:16:23 - interface.migration_system - INFO - Step 4: Voice preferences
2025-10-25 12:16:23 - interface.migration_system - INFO - Step 5: AI setup
2025-10-25 12:16:23 - interface.migration_system - INFO - Setup wizard completed
2025-10-25 12:16:23 - interface.migration_system - INFO - Achievement unlocked: test_achievement
2025-10-25 12:16:23 - interface.avatar_adapter - INFO - System capabilities: {'has_display': True, 'has_audio': True, 'has_gpu': False, 'supports_transparency': True, 'supports_audio_input': True}
2025-10-25 12:16:23 - interface.avatar_adapter - INFO - System capabilities: {'has_display': True, 'has_audio': True, 'has_gpu': False, 'supports_transparency': True, 'supports_audio_input': True}
2025-10-25 12:16:23 - interface.avatar_adapter - INFO - System validation passed
2025-10-25 12:16:23 - interface.avatar_adapter - INFO - System capabilities: {'has_display': True, 'has_audio': True, 'has_gpu': False, 'supports_transparency': True, 'supports_audio_input': True}
2025-10-25 12:16:23 - interface.avatar_adapter - INFO - System capabilities: {'has_display': True, 'has_audio': True, 'has_gpu': False, 'supports_transparency': True, 'supports_audio_input': True}
2025-10-25 12:16:23 - interface.migration_system - INFO - Fresh installation detected
2025-10-25 12:16:23 - interface.migration_system - INFO - Default settings created
